---
source: tui/src/bottom_pane/unified_mentions_render.rs
expression: "render_popup_text_with_remembered_mode(\"@calendar\", &rows, state, 86, SearchMode::Tools, Some(SearchMode::Tools))"
---
› @calendar

  Calendar Skill  Find availability and plan event changes                      Skill








  enter/tab insert · esc close · ←/→ swi…  All Results    Filesystem Only   [Plugins*]
