---
source: tui/src/bottom_pane/hooks_browser_view.rs
expression: "render_lines(&view, 112)"
---
                                                                                                                
  PermissionRequest hooks                                                                                       
  Review new or changed hooks, then turn them on or off.                                                        
                                                                                                                
  No hooks installed for this event.                                                                            
                                                                                                                
  Press esc to go back
