---
source: tui/src/bottom_pane/hooks_browser_view.rs
expression: "render_lines(&view, 112)"
---
                                                                                                                
  PreToolUse hooks                                                                                              
  Turn hooks on or off. Your changes are saved automatically.                                                   
                                                                                                                
  [x] Admin managed Hook 1 - System Config                                                                      
  [x] Admin managed Hook 2 - System Config                                                                      
                                                                                                                
  Event     PreToolUse                                                                                          
  Matcher   Bash                                                                                                
  Source    /tmp/hooks.json                                                                                     
  Command   /enterprise/hooks/pre-tool-use-2.sh                                                                 
  Timeout   30s                                                                                                 
                                                                                                                
  Admin managed; press esc to go back
