---
source: tui/src/bottom_pane/hooks_browser_view.rs
expression: "render_lines(&view, 112)"
---
                                                                                                                
  PreToolUse hooks                                                                                              
  Turn hooks on or off. Your changes are saved automatically.                                                   
                                                                                                                
  [x] Hook 2 - User Config                                                                                      
  [x] Hook 3 - User Config                                                                                      
  [x] Hook 4 - User Config                                                                                      
  [x] Hook 5 - User Config                                                                                      
  [x] Hook 6 - User Config                                                                                      
  [x] Hook 7 - User Config                                                                                      
  [x] Hook 8 - User Config                                                                                      
  [x] Hook 9 - User Config                                                                                      
                                                                                                                
  Event     PreToolUse                                                                                          
  Matcher   Bash                                                                                                
  Source    /tmp/hooks.json                                                                                     
  Command   /tmp/hook-8.sh                                                                                      
  Timeout   30s                                                                                                 
                                                                                                                
  Press space or enter to toggle; esc to go back
